// Jest Snapshot v1, https://goo.gl/fbAQLP

exports[`components/widgets/users/Avatars should match the snapshot 1`] = `
<div
  className="Avatars Avatars___xl"
  onMouseLeave={[Function]}
>
  <Memo(SimpleTooltip)
    animation={true}
    content="Jesus Espino"
    id="name-jesus.espino"
    key="test-url-1"
    onEntered={[Function]}
  >
    <Memo(Avatar)
      size="xl"
      tabIndex={0}
      url="test-url-1"
      username="jesus.espino"
    />
  </Memo(SimpleTooltip)>
  <Memo(SimpleTooltip)
    animation={true}
    content="Johnny Depp"
    id="name-johnny.depp"
    key="test-url-2"
    onEntered={[Function]}
  >
    <Memo(Avatar)
      size="xl"
      tabIndex={0}
      url="test-url-2"
      username="johnny.depp"
    />
  </Memo(SimpleTooltip)>
  <Memo(SimpleTooltip)
    animation={true}
    content="Bilbo Baggins"
    id="name-bilbo.baggins"
    key="test-url-3"
    onEntered={[Function]}
  >
    <Memo(Avatar)
      size="xl"
      tabIndex={0}
      url="test-url-3"
      username="bilbo.baggins"
    />
  </Memo(SimpleTooltip)>
  <Memo(SimpleTooltip)
    animation={true}
    content="Anthony Michael Hall, Kathy Baker"
    id="names-overflow"
    onEntered={[Function]}
  >
    <Memo(Avatar)
      size="xl"
      tabIndex={0}
      text="+2"
    />
  </Memo(SimpleTooltip)>
</div>
`;

exports[`components/widgets/users/Avatars should properly count overflow 1`] = `
<div
  className="Avatars Avatars___xl"
  onMouseLeave={[Function]}
>
  <Memo(SimpleTooltip)
    animation={true}
    content="Jesus Espino"
    id="name-jesus.espino"
    key="test-url-1"
    onEntered={[Function]}
  >
    <Memo(Avatar)
      size="xl"
      tabIndex={0}
      url="test-url-1"
      username="jesus.espino"
    />
  </Memo(SimpleTooltip)>
  <Memo(SimpleTooltip)
    animation={true}
    content="Johnny Depp"
    id="name-johnny.depp"
    key="test-url-2"
    onEntered={[Function]}
  >
    <Memo(Avatar)
      size="xl"
      tabIndex={0}
      url="test-url-2"
      username="johnny.depp"
    />
  </Memo(SimpleTooltip)>
  <Memo(SimpleTooltip)
    animation={true}
    content="Bilbo Baggins"
    id="name-bilbo.baggins"
    key="test-url-3"
    onEntered={[Function]}
  >
    <Memo(Avatar)
      size="xl"
      tabIndex={0}
      url="test-url-3"
      username="bilbo.baggins"
    />
  </Memo(SimpleTooltip)>
  <Memo(SimpleTooltip)
    animation={true}
    content="Anthony Michael Hall, Kathy Baker"
    id="names-overflow"
    onEntered={[Function]}
  >
    <Memo(Avatar)
      size="xl"
      tabIndex={0}
      text="+2"
    />
  </Memo(SimpleTooltip)>
</div>
`;
